############################################################
## Event_SetUp: Test for procedure event_setup
############################################################
# call event_setup('event01', '2023-05-01 13:00:00', '2023-05-01 14:00:00', 5, 'Event for kids', 1, 1, @t1); select @t1
0

# call event_setup('event02', '2023-05-11 13:00:00', '2023-05-11 7:00:00', 5, 'Event for kids', 3, 1, @t3); select @t3;
0

# call event_setup('event03', '2023-05-21 13:00:00', '2023-05-21 20:00:00', 5, 'Event for kids', 3, 1, @t4); select @t4;
0

# call event_setup('event04', '2023-05-01 13:00:00', '2023-05-01 14:00:00', 5, 'Event1', 1, 1, @t5); select @t5;
0

# call event_setup('event05', '2023-05-01 14:00:00', '2023-05-01 15:00:00', 5, 'Event2', 1, 1, @t6); select @t6;
0

# call event_setup('event06', '2023-05-01 14:00:00', '2023-05-01 17:30:00', 5, 'Reading party3', 21, 4, @t7); select @t7; 
0 
-- Effect: ('event13', '2023-05-01 14:00:00', '2023-05-01 17:30:00', 5, 'Reading party3', 13, 4) inserted to "event"

# call event_setup('event07', '2023-05-11 9:00:00', '2023-05-11 12:00:00', 5, 'Reading party4', 12, 8, @t8); select @t8;
0
-- Effect: ('event14', '2023-05-11 9:00:00', '2023-05-11 12:00:00', 5, 'Reading party4', 13, 8) inserted to "event"

# call event_setup('event08', '2023-02-01 14:00:00', '2023-05-01 17:30:00', 5, 'Reading party3', 18, 4, @t9); select @t9; 
0 
-- Effect: ('event13', '2023-05-01 14:00:00', '2023-05-01 17:30:00', 5, 'Reading party3', 13, 4) inserted to "event"

# call event_setup('event09', '2021-03-11 9:00:00', '2023-05-11 12:00:00', 5, 'Reading party4', 17, 8, @t10); select @t10;
0 
-- Effect: ('event14', '2023-05-11 9:00:00', '2023-05-11 12:00:00', 5, 'Reading party4', 13, 8) inserted to "event"

# call event_setup('event11', '2023-05-01 13:00:00', '2023-05-01 14:00:00', 5, 'Reading party1', 10, 2, @t11); select @t11;
1
-- Effect: ('event11', '2023-05-01 13:00:00', '2023-05-01 14:00:00', 5, 'Reading party1', 3, 2) inserted to "event"

# call event_setup('event12', '2023-05-01 14:00:01', '2023-05-01 15:00:00', 5, 'Reading party2', 10, 2, @t12); select @t12;
1
-- Effect: ('event12', '2023-05-01 14:00:01', '2023-05-01 15:00:00', 5, 'Reading party2', 3, 2) inserted to "event"

# call event_setup('event13', '2023-05-01 14:00:00', '2023-05-01 17:30:00', 5, 'Reading party3', 18, 4, @t13); select @t13;
1
-- Effect: ('event13', '2023-05-01 14:00:00', '2023-05-01 17:30:00', 5, 'Reading party3', 13, 4) inserted to "event"

# call event_setup('event14', '2023-05-11 9:00:00', '2023-05-11 12:00:00', 5, 'Reading party4', 17, 8, @t14); select @t14;
1
-- Effect: ('event14', '2023-05-11 9:00:00', '2023-05-11 12:00:00', 5, 'Reading party4', 13, 8) inserted to "event"





############################################################
## Event_Registration: Test for procedure register_event
############################################################
# call register_event(101, 33, @t11); select @t11;
-- Effect: 1, (101, 33) added to the register table, current_amount 1 for event 33 in table "event"

# call register_event(102, 33, @t12); select @t12;
1
-- Effect: (102, 33) added to the register table, current_amount 2 for event 33 in table "event"

# call register_event(103, 33, @t13); select @t13;
1
-- Effect: (103, 33) added to the register table, current_amount 3 for event 33 in table "event"

# call register_event(104, 33, @t14); select @t14;
1
-- Effect: (104, 33) added to the register table, current_amount 4 for event 33 in table "event"

# call register_event(105, 33, @t15); select @t15;
1
-- Effect: (105, 33) added to the register table, current_amount 5 for event 33 in table "event"

# call register_event(101, 34, @t16); select @t16;
1
-- Effect: (101, 34) added to the register table, current_amount 1 for event 34 in table "event"

# call register_event(101, 59, @t01); select @t01; 
0

# call register_event(106, 33, @t02); select @t02;
0




############################################################
## Registration_Cancel: Test for procedure cancel_register
############################################################
-- Register a event until the capacity is full
# call cancel_register(102, 33, @t11); select @t11
1 
-- Effect: (102, 33) removed from the register table, event with id 33 has current_amount 4

# call register_event(101, 59, @t01); select @t01;
0

# call cancel_register(101, 33, @t02); select @t02; 
0

# call cancel_register(106, 34, @t03); select @t03; 
0





############################################################
## Book_Return: Test for procedure book_return
############################################################
call book_return(101 , '000-0-00-179354-2' , 1)
- Effect: Expect remaining_credit for guest with ID 101 to increase by 1, 
- Effect: Expect copy's availability for book with ISBN '000-0-00-179354-2' and CopyId 1 to be true,
- Effect: Expect return-date for this borrow record to be today's date
- No output



